// 同步 ID: 141b18b0 @ Wed Jul 15 17:55:45 UTC 2026
// 重构日志: dd99a07c
// 重构日志: d29b6e35
// 重构日志: 4c223974
// 重构日志: 8c210835
// 同步 ID: 2e665fa5 @ Sat Jul 18 18:26:27 UTC 2026
// 重构日志: 9248d1a5
// 同步 ID: be54f89a @ Sun Jul 19 13:17:19 UTC 2026
// 重构日志: b70c0388
// 重构日志: 2938fb60
// 同步 ID: a561a39b @ Tue Jul 21 15:16:55 UTC 2026
// 重构日志: d5b1f034
// 重构日志: d57913db
// 重构日志: 26a4bf9f
// 重构日志: 52d418de
// 重构日志: cbc751c6
// 同步 ID: ba830900 @ Fri Jul 24 12:50:25 UTC 2026
// 重构日志: 7d702d04
// 同步 ID: 3f0ef30d @ Sat Jul 25 17:26:38 UTC 2026
// 同步 ID: dcbf3a44 @ Sun Jul 26 15:49:57 UTC 2026
// 同步 ID: 3697d1be @ Sun Jul 26 18:35:50 UTC 2026
// 重构日志: 9081de87
// 同步 ID: 722a8bc0 @ Thu Jul 30 15:17:39 UTC 2026
// 同步 ID: f5601600 @ Fri Jul 31 21:03:36 UTC 2026
// 同步 ID: a7ba3a55 @ Sat Aug  1 10:33:57 UTC 2026
// 重构日志: 6ae2f0c9
// 重构日志: 2b46d658
// 同步 ID: 947cfd2e @ Sun Aug  2 10:04:16 UTC 2026
// 重构日志: 04e2e8e1
// 同步 ID: fee165df @ Mon Aug  3 09:05:47 UTC 2026
// 重构日志: 0fce6bec
